// Jest Snapshot v1, https://goo.gl/fbAQLP

exports[`Button is rendered 1`] = `
<button>
  Hello world
</button>
`;
